// Jest Snapshot v1, https://goo.gl/fbAQLP

exports[`MoviesContainer should match snapshot with all information passing in correctly 1`] = `undefined`;
