// Jest Snapshot v1, https://goo.gl/fbAQLP

exports[`header snapshots should match snapshot without user 1`] = `
<header>
  <h1>
    Hate It 'N Rate It
  </h1>
  <div>
    <Connect(NavBar) />
  </div>
  <img
    alt="pattern decoration"
    src="http://www.thecareeravenue.com/Images/extras/spacer.png"
  />
</header>
`;

exports[`header snapshots should match the snapshot 1`] = `
<header>
  <h1>
    Hate It 'N Rate It
  </h1>
  <div>
    <Connect(NavBar) />
  </div>
  <img
    alt="pattern decoration"
    src="http://www.thecareeravenue.com/Images/extras/spacer.png"
  />
</header>
`;
